// Jest Snapshot v1, https://goo.gl/fbAQLP

exports[`Snapshot 1`] = `
{
  "Parameters": {
    "BootstrapVersion": {
      "Default": "/cdk-bootstrap/hnb659fds/version",
      "Description": "Version of the CDK Bootstrap resources in this environment, automatically retrieved from SSM Parameter Store. [cdk:skip]",
      "Type": "AWS::SSM::Parameter::Value<String>",
    },
  },
  "Resources": {
    "ECSCICDPipeline3202AC4C": {
      "Properties": {
        "Description": "SC CI Using Docker Compose Product",
        "Distributor": "SK Cloud Transformation Group",
        "Name": "image-build-product",
        "Owner": "jingood2@sk.com",
        "ProvisioningArtifactParameters": [
          {
            "Description": "ECS CICD Pieline with Github",
            "DisableTemplateValidation": false,
            "Info": {
              "LoadTemplateFromURL": {
                "Fn::Sub": "https://s3.\${AWS::Region}.\${AWS::URLSuffix}/cdk-hnb659fds-assets-\${AWS::AccountId}-\${AWS::Region}/bcc09ddefb54370c72d719d3b7f9fe0e3d2fbb141f560e9fee42de30065325c8.json",
              },
            },
            "Name": "v1",
          },
          {
            "Description": "ECS CICD Pieline with CodeCommit",
            "DisableTemplateValidation": false,
            "Info": {
              "LoadTemplateFromURL": {
                "Fn::Sub": "https://s3.\${AWS::Region}.\${AWS::URLSuffix}/cdk-hnb659fds-assets-\${AWS::AccountId}-\${AWS::Region}/abb830047424c1126e40d01faaa0d0b9ff464477ff2f81e4be32523af4cdcaa9.json",
              },
            },
            "Name": "v2",
          },
          {
            "Description": "ECS CICD Pieline with CodeCommit",
            "DisableTemplateValidation": false,
            "Info": {
              "LoadTemplateFromURL": {
                "Fn::Sub": "https://s3.\${AWS::Region}.\${AWS::URLSuffix}/cdk-hnb659fds-assets-\${AWS::AccountId}-\${AWS::Region}/5693b45ef3f1366cd96b4ebd4f54fa3e9b38f44df16e7a6778210bee03f949dc.json",
              },
            },
            "Name": "v3",
          },
          {
            "Description": "All-in-one CICD Pieline V4",
            "DisableTemplateValidation": false,
            "Info": {
              "LoadTemplateFromURL": {
                "Fn::Sub": "https://s3.\${AWS::Region}.\${AWS::URLSuffix}/cdk-hnb659fds-assets-\${AWS::AccountId}-\${AWS::Region}/55457c5675e67f8dcbe90e30713a32ef346ef88105f8c42ab31fba706b1280dc.json",
              },
            },
            "Name": "v4",
          },
          {
            "Description": "CICD Pieline V5",
            "DisableTemplateValidation": false,
            "Info": {
              "LoadTemplateFromURL": {
                "Fn::Sub": "https://s3.\${AWS::Region}.\${AWS::URLSuffix}/cdk-hnb659fds-assets-\${AWS::AccountId}-\${AWS::Region}/83f9e15bc6c5ba5a456a668a3c4523aefb4b08dc16bb872e5dd32e541a219fda.yaml",
              },
            },
            "Name": "v5",
          },
        ],
      },
      "Type": "AWS::ServiceCatalog::CloudFormationProduct",
    },
  },
  "Rules": {
    "CheckBootstrapVersion": {
      "Assertions": [
        {
          "Assert": {
            "Fn::Not": [
              {
                "Fn::Contains": [
                  [
                    "1",
                    "2",
                    "3",
                    "4",
                    "5",
                  ],
                  {
                    "Ref": "BootstrapVersion",
                  },
                ],
              },
            ],
          },
          "AssertDescription": "CDK bootstrap stack version 6 required. Please run 'cdk bootstrap' with a recent version of the CDK CLI.",
        },
      ],
    },
  },
}
`;
