// Jest Snapshot v1, https://goo.gl/fbAQLP

exports[`Snapshot 1`] = `
{
  "Parameters": {
    "BootstrapVersion": {
      "Default": "/cdk-bootstrap/hnb659fds/version",
      "Description": "Version of the CDK Bootstrap resources in this environment, automatically retrieved from SSM Parameter Store. [cdk:skip]",
      "Type": "AWS::SSM::Parameter::Value<String>",
    },
  },
  "Resources": {
    "ecsclusterproduct66294721": {
      "Properties": {
        "Description": "SC ECS Cluster Product",
        "Distributor": "SK Cloud Transformation Group",
        "Name": "ecs-cluster-product",
        "Owner": "jingood2@sk.com",
        "ProvisioningArtifactParameters": [
          {
            "DisableTemplateValidation": false,
            "Info": {
              "LoadTemplateFromURL": {
                "Fn::Sub": "https://s3.\${AWS::Region}.\${AWS::URLSuffix}/cdk-hnb659fds-assets-\${AWS::AccountId}-\${AWS::Region}/c03080ec68b120e78ee22d83b5844e947a030367545aeed804e2ad8f7fcfb979.json",
              },
            },
            "Name": "v1",
          },
        ],
      },
      "Type": "AWS::ServiceCatalog::CloudFormationProduct",
    },
    "ecsec2serviceproductCF732215": {
      "Properties": {
        "Description": "SC ECS Serivce Product",
        "Distributor": "SK Cloud Transformation Group",
        "Name": "ecs-ec2-service-product",
        "Owner": "jingood2@sk.com",
        "ProvisioningArtifactParameters": [
          {
            "DisableTemplateValidation": false,
            "Info": {
              "LoadTemplateFromURL": {
                "Fn::Sub": "https://s3.\${AWS::Region}.\${AWS::URLSuffix}/cdk-hnb659fds-assets-\${AWS::AccountId}-\${AWS::Region}/192a0268936fa4ae017f5bb67f534c6010951236bbb2512e1e421854eeb834b1.json",
              },
            },
            "Name": "v1",
          },
        ],
      },
      "Type": "AWS::ServiceCatalog::CloudFormationProduct",
    },
    "ecsfargateserviceproduct2D955E64": {
      "Properties": {
        "Description": "SC ECS Serivce Product",
        "Distributor": "SK Cloud Transformation Group",
        "Name": "ecs-fargate-service-product",
        "Owner": "jingood2@sk.com",
        "ProvisioningArtifactParameters": [
          {
            "DisableTemplateValidation": false,
            "Info": {
              "LoadTemplateFromURL": {
                "Fn::Sub": "https://s3.\${AWS::Region}.\${AWS::URLSuffix}/cdk-hnb659fds-assets-\${AWS::AccountId}-\${AWS::Region}/1ca65f3f238435d53efa24f3499e71da15426f315ba06de65ab765929b9bb197.json",
              },
            },
            "Name": "v1",
          },
          {
            "Description": "ECS Fargate with ADOT Collector sidecar",
            "DisableTemplateValidation": false,
            "Info": {
              "LoadTemplateFromURL": {
                "Fn::Sub": "https://s3.\${AWS::Region}.\${AWS::URLSuffix}/cdk-hnb659fds-assets-\${AWS::AccountId}-\${AWS::Region}/968aaa5c0e896a85e6c610c1d12d6dd9d6e59312567630d23bcf9d30ff50ccf5.json",
              },
            },
            "Name": "v2",
          },
          {
            "Description": "ECS Fargate with ADOT Collector sidecar Loki",
            "DisableTemplateValidation": false,
            "Info": {
              "LoadTemplateFromURL": {
                "Fn::Sub": "https://s3.\${AWS::Region}.\${AWS::URLSuffix}/cdk-hnb659fds-assets-\${AWS::AccountId}-\${AWS::Region}/d2ab291d296181f5fd7eb43aab5c219414bbd99c7cced5936e09af32a2a28155.json",
              },
            },
            "Name": "v3",
          },
        ],
      },
      "Type": "AWS::ServiceCatalog::CloudFormationProduct",
    },
  },
  "Rules": {
    "CheckBootstrapVersion": {
      "Assertions": [
        {
          "Assert": {
            "Fn::Not": [
              {
                "Fn::Contains": [
                  [
                    "1",
                    "2",
                    "3",
                    "4",
                    "5",
                  ],
                  {
                    "Ref": "BootstrapVersion",
                  },
                ],
              },
            ],
          },
          "AssertDescription": "CDK bootstrap stack version 6 required. Please run 'cdk bootstrap' with a recent version of the CDK CLI.",
        },
      ],
    },
  },
}
`;
