// Jest Snapshot v1, https://goo.gl/fbAQLP

exports[`Snapshot 1`] = `
{
  "Parameters": {
    "BootstrapVersion": {
      "Default": "/cdk-bootstrap/hnb659fds/version",
      "Description": "Version of the CDK Bootstrap resources in this environment, automatically retrieved from SSM Parameter Store. [cdk:skip]",
      "Type": "AWS::SSM::Parameter::Value<String>",
    },
  },
  "Resources": {
    "ecsclusterproduct66294721": {
      "Properties": {
        "Description": "SC ECS Cluster Product",
        "Distributor": "SK Cloud Transformation Group",
        "Name": "ecs-cluster-product",
        "Owner": "jingood2@sk.com",
        "ProvisioningArtifactParameters": [
          {
            "DisableTemplateValidation": false,
            "Info": {
              "LoadTemplateFromURL": {
                "Fn::Sub": "https://s3.\${AWS::Region}.\${AWS::URLSuffix}/cdk-hnb659fds-assets-\${AWS::AccountId}-\${AWS::Region}/442b6217ce68a4b21c0fdde9ba63122f0401c6df2fcb793b95ebefc4f28dc202.json",
              },
            },
            "Name": "v1",
          },
        ],
      },
      "Type": "AWS::ServiceCatalog::CloudFormationProduct",
    },
    "ecsserviceproduct8F3318C2": {
      "Properties": {
        "Description": "SC ECS Serivce Product",
        "Distributor": "SK Cloud Transformation Group",
        "Name": "ecs-service-product",
        "Owner": "jingood2@sk.com",
        "ProvisioningArtifactParameters": [
          {
            "DisableTemplateValidation": false,
            "Info": {
              "LoadTemplateFromURL": {
                "Fn::Sub": "https://s3.\${AWS::Region}.\${AWS::URLSuffix}/cdk-hnb659fds-assets-\${AWS::AccountId}-\${AWS::Region}/3e18157112c83147f34915c5cb26808456625456ce497aa9e4676810cd8ea8be.json",
              },
            },
            "Name": "v2",
          },
        ],
      },
      "Type": "AWS::ServiceCatalog::CloudFormationProduct",
    },
  },
  "Rules": {
    "CheckBootstrapVersion": {
      "Assertions": [
        {
          "Assert": {
            "Fn::Not": [
              {
                "Fn::Contains": [
                  [
                    "1",
                    "2",
                    "3",
                    "4",
                    "5",
                  ],
                  {
                    "Ref": "BootstrapVersion",
                  },
                ],
              },
            ],
          },
          "AssertDescription": "CDK bootstrap stack version 6 required. Please run 'cdk bootstrap' with a recent version of the CDK CLI.",
        },
      ],
    },
  },
}
`;
