// Jest Snapshot v1, https://goo.gl/fbAQLP

exports[`Snapshot 1`] = `
{
  "Parameters": {
    "BootstrapVersion": {
      "Default": "/cdk-bootstrap/hnb659fds/version",
      "Description": "Version of the CDK Bootstrap resources in this environment, automatically retrieved from SSM Parameter Store. [cdk:skip]",
      "Type": "AWS::SSM::Parameter::Value<String>",
    },
  },
  "Resources": {
    "EBCICDPipelineCA3AA6C4": {
      "Properties": {
        "Description": "SC Elastic Beanstalk CICD Pipeline Product",
        "Distributor": "SK Cloud Transformation Group",
        "Name": "eb-cicd-pipeline-product",
        "Owner": "jingood2@sk.com",
        "ProvisioningArtifactParameters": [
          {
            "Description": "Elastic Beanstalk CICD Pieline with Github",
            "DisableTemplateValidation": false,
            "Info": {
              "LoadTemplateFromURL": {
                "Fn::Sub": "https://s3.\${AWS::Region}.\${AWS::URLSuffix}/cdk-hnb659fds-assets-\${AWS::AccountId}-\${AWS::Region}/d5f78b6b8c0963b0fc4baa0ba2542570e597e86dbd7dc3a5983b3ecc03c8d32c.json",
              },
            },
            "Name": "v1",
          },
          {
            "Description": "Elastic Beanstalk CICD Pieline with CodeCommit",
            "DisableTemplateValidation": false,
            "Info": {
              "LoadTemplateFromURL": {
                "Fn::Sub": "https://s3.\${AWS::Region}.\${AWS::URLSuffix}/cdk-hnb659fds-assets-\${AWS::AccountId}-\${AWS::Region}/abcfc569602091d28bb1ab76a69bbbcbcdc2892c28ce379b4560fefb79f176d3.json",
              },
            },
            "Name": "v2",
          },
        ],
      },
      "Type": "AWS::ServiceCatalog::CloudFormationProduct",
    },
    "ECSCICDPipeline3202AC4C": {
      "Properties": {
        "Description": "SC ECS CICD Pipeline Product",
        "Distributor": "SK Cloud Transformation Group",
        "Name": "ecs-cicd-pipeline-product",
        "Owner": "jingood2@sk.com",
        "ProvisioningArtifactParameters": [
          {
            "Description": "ECS CICD Pieline with Github",
            "DisableTemplateValidation": false,
            "Info": {
              "LoadTemplateFromURL": {
                "Fn::Sub": "https://s3.\${AWS::Region}.\${AWS::URLSuffix}/cdk-hnb659fds-assets-\${AWS::AccountId}-\${AWS::Region}/3327689557a86a68ada55eb011c424528e27cc87298bf6e4fb7dc7667181b697.json",
              },
            },
            "Name": "v1",
          },
          {
            "Description": "ECS CICD Pipeline with CodeCommit",
            "DisableTemplateValidation": false,
            "Info": {
              "LoadTemplateFromURL": {
                "Fn::Sub": "https://s3.\${AWS::Region}.\${AWS::URLSuffix}/cdk-hnb659fds-assets-\${AWS::AccountId}-\${AWS::Region}/08f7a6888b376e76c619cf64ea011450324c9c5071544ca7ebd45fa70be809d6.json",
              },
            },
            "Name": "v2",
          },
        ],
      },
      "Type": "AWS::ServiceCatalog::CloudFormationProduct",
    },
  },
  "Rules": {
    "CheckBootstrapVersion": {
      "Assertions": [
        {
          "Assert": {
            "Fn::Not": [
              {
                "Fn::Contains": [
                  [
                    "1",
                    "2",
                    "3",
                    "4",
                    "5",
                  ],
                  {
                    "Ref": "BootstrapVersion",
                  },
                ],
              },
            ],
          },
          "AssertDescription": "CDK bootstrap stack version 6 required. Please run 'cdk bootstrap' with a recent version of the CDK CLI.",
        },
      ],
    },
  },
}
`;
